GDTEST_ANALYZER_ERROR
Cannot construct abstract class "A".
