GDTEST_ANALYZER_ERROR
"@abstract" annotation can only be used once per class.
